// Jest Snapshot v1, https://goo.gl/fbAQLP

exports[`Details container Details snapshot 1`] = `
<div
  class="styles__Wrapper-ff0pn0-0 eBWitS"
>
  <header
    class="styles__Header-ff0pn0-5 cBeasn"
  >
    <button
      class="Button-n3cyj4-0 styles__Button-ff0pn0-6 eejYfC"
    >
      Voltar
    </button>
    <h1
      class="styles__Title-ff0pn0-1 dwayCI"
    >
      Detalhes do dragão
    </h1>
  </header>
  <div
    class="Content-vb879o-0 styles__Content-ff0pn0-2 feoYOp"
  >
    <p
      class="styles__Text-ff0pn0-3 kDptvo"
    >
      Nome:
    </p>
    <p
      class="styles__Info-ff0pn0-4 kqkGTk"
    >
      Dinquedo
    </p>
    <p
      class="styles__Text-ff0pn0-3 kDptvo"
    >
      Tipo:
    </p>
    <p
      class="styles__Info-ff0pn0-4 kqkGTk"
    >
      Amarelo
    </p>
    <p
      class="styles__Text-ff0pn0-3 kDptvo"
    >
      Dia de criação:
    </p>
    <p
      class="styles__Info-ff0pn0-4 kqkGTk"
    >
      19/05/2018
    </p>
  </div>
</div>
`;
